$0=kieker.common.record.misc.KiekerMetadataRecord
$1=org.iobserve.common.record.EJBDeployedEvent
$2=kieker.common.record.flow.trace.TraceMetadata
$3=kieker.common.record.flow.trace.operation.BeforeOperationEvent
$4=kieker.common.record.flow.trace.operation.AfterOperationEvent
$5=kieker.common.record.flow.trace.operation.AfterOperationFailedEvent
$6=org.iobserve.common.record.EJBUndeployedEvent
$7=kieker.common.record.flow.trace.operation.CallOperationEvent
$8=kieker.common.record.flow.trace.operation.object.CallOperationObjectEvent
$9=kieker.common.record.flow.trace.operation.constructor.object.BeforeConstructorObjectInterfaceEvent
$10=kieker.common.record.flow.trace.operation.constructor.BeforeConstructorEvent
$11=kieker.common.record.flow.trace.operation.constructor.object.BeforeConstructorObjectEvent
$12=kieker.common.record.flow.trace.operation.constructor.object.AfterConstructorObjectEvent
$13=kieker.common.record.flow.trace.ConstructionEvent
$14=kieker.common.record.flow.trace.operation.constructor.AfterConstructorEvent
$15=kieker.common.record.controlflow.OperationExecutionRecord
$16=kieker.common.record.flow.trace.operation.object.BeforeOperationObjectEvent
$17=kieker.common.record.flow.trace.operation.object.BeforeOperationObjectInterfaceEvent
$18=kieker.common.record.flow.trace.operation.constructor.CallConstructorEvent
$19=kieker.common.record.flow.trace.operation.object.AfterOperationObjectEvent
$20=kieker.common.record.flow.trace.operation.object.AfterOperationFailedObjectEvent
